[nephos.cssninja.io/home.html]
[backblue.gif]
[fade.gif]
[index.html]
[nephos.cssninja.io/assets/images/favicon.png]
[nephos.cssninja.io/assets/css/bulma.css]
[nephos.cssninja.io/assets/css/core.css]
[nephos.cssninja.io/assets/js/slick/slick.css]
[nephos.cssninja.io/assets/js/slick/slick-theme.css]
[nephos.cssninja.io/assets/js/webuipopover/jquery.webui-popover.min.css]
[nephos.cssninja.io/assets/js/izitoast/css/iziToast.min.css]
[nephos.cssninja.io/assets/js/zoom/zoom.css]
[nephos.cssninja.io/assets/js/jpcard/card.css]
[nephos.cssninja.io/assets/css/chosen/chosen.css]
[nephos.cssninja.io/assets/css/icons.min.css]
[nephos.cssninja.io/account.html]
[nephos.cssninja.io/assets/images/avatars/altvatar.png]
[nephos.cssninja.io/cart-empty.html]
[nephos.cssninja.io/authentication.html]
[nephos.cssninja.io/products.html]
[nephos.cssninja.io/index.html]
[nephos.cssninja.io/assets/images/bg/sidebar.jpg]
[nephos.cssninja.io/shop.html]
[nephos.cssninja.io/orders.html]
[nephos.cssninja.io/wishlist.html]
[nephos.cssninja.io/assets/images/bg/main-bg.jpg]
[nephos.cssninja.io/assets/js/app.js]
[nephos.cssninja.io/assets/js/nephos.js]
[nephos.cssninja.io/home.html]
[nephos.cssninja.io/assets/css/bulma.css]
[nephos.cssninja.io/assets/css/core.css]
[nephos.cssninja.io/assets/js/slick/slick.css]
[nephos.cssninja.io/assets/js/slick/ajax-loader.gif]
[nephos.cssninja.io/assets/js/slick/fonts/slick.eot]
[nephos.cssninja.io/assets/js/slick/fonts/slickd41d.eot]
[nephos.cssninja.io/assets/js/slick/fonts/slick.woff]
[nephos.cssninja.io/assets/js/slick/fonts/slick.ttf]
[nephos.cssninja.io/assets/js/slick/slick-theme.css]
[nephos.cssninja.io/assets/js/webuipopover/jquery.webui-popover.min.css]
[nephos.cssninja.io/assets/js/izitoast/css/iziToast.min.css]
[nephos.cssninja.io/assets/js/zoom/zoom.css]
[nephos.cssninja.io/assets/js/jpcard/card.css]
[nephos.cssninja.io/assets/css/chosen/chosen.css]
[nephos.cssninja.io/assets/css/icons.min.css]
[nephos.cssninja.io/assets/images/logo/nephos.svg]
[nephos.cssninja.io/assets/images/avatars/elie.jpg]
[nephos.cssninja.io/cart.html]
[nephos.cssninja.io/account-edit.html]
[nephos.cssninja.io/assets/images/products/office5.jpg]
[nephos.cssninja.io/assets/images/products/cosy-red-seat.png]
[nephos.cssninja.io/assets/images/products/kids2.jpg]
[nephos.cssninja.io/account.html]
[nephos.cssninja.io/assets/images/products/red-seat.jpg]
[nephos.cssninja.io/assets/images/products/office4.jpg]
[nephos.cssninja.io/assets/images/products/office3.jpg]
[nephos.cssninja.io/assets/images/products/office6.png]
[nephos.cssninja.io/assets/images/products/office7.gif]
[nephos.cssninja.io/cart-empty.html]
[nephos.cssninja.io/authentication.html]
[nephos.cssninja.io/products-list.html]
[nephos.cssninja.io/assets/images/products/red-seat.png]
[nephos.cssninja.io/product.html]
[nephos.cssninja.io/assets/images/products/modern-table.png]
[nephos.cssninja.io/assets/images/products/blue-seat.png]
[nephos.cssninja.io/assets/images/products/modern-bed.jpg]
[nephos.cssninja.io/assets/images/products/dark-seat.jpg]
[nephos.cssninja.io/assets/images/products/house1.png]
[nephos.cssninja.io/assets/images/products/house2.jpg]
[nephos.cssninja.io/assets/images/products/office9.png]
[nephos.cssninja.io/assets/images/products/kids1.jpg]
[nephos.cssninja.io/assets/images/products/kids3.png]
[nephos.cssninja.io/assets/images/products/kids4.jpg]
[nephos.cssninja.io/assets/images/products/kids5.jpg]
[nephos.cssninja.io/assets/images/products/kids7.jpg]
[nephos.cssninja.io/assets/images/products/kids6.jpg]
[nephos.cssninja.io/assets/images/products/kids8.jpg]
[nephos.cssninja.io/assets/images/products/kitchen.png]
[nephos.cssninja.io/assets/images/products/kitchen3.png]
[nephos.cssninja.io/assets/images/products/kitchen2.jpg]
[nephos.cssninja.io/assets/images/products/kitchen4.jpg]
[nephos.cssninja.io/assets/images/products/kitchen5.jpg]
[nephos.cssninja.io/assets/images/products/access1.jpg]
[nephos.cssninja.io/assets/images/products/access2.jpg]
[nephos.cssninja.io/assets/images/products/access3.jpg]
[nephos.cssninja.io/assets/images/products/access4.jpg]
[nephos.cssninja.io/assets/images/products/access5.jpg]
[nephos.cssninja.io/assets/images/products/access6.jpg]
[nephos.cssninja.io/assets/images/products/access7.jpg]
[nephos.cssninja.io/assets/images/products/access8.jpg]
[nephos.cssninja.io/products.html]
[nephos.cssninja.io/assets/css/demo.css]
[nephos.cssninja.io/assets/images/ui/nephos.png]
[nephos.cssninja.io/assets/images/ui/sidebar.png]
[nephos.cssninja.io/assets/images/ui/micro-interactions.png]
[nephos.cssninja.io/assets/images/ui/color-schemes.png]
[nephos.cssninja.io/assets/images/ui/app/nephos.png]
[nephos.cssninja.io/assets/images/ui/app/nephos-alt.png]
[nephos.cssninja.io/home-alt.html]
[nephos.cssninja.io/assets/images/ui/app/categories.png]
[nephos.cssninja.io/assets/images/ui/app/auth.png]
[nephos.cssninja.io/assets/images/ui/app/products-grid.png]
[nephos.cssninja.io/assets/images/ui/app/products-list.png]
[nephos.cssninja.io/assets/images/ui/app/single-product.png]
[nephos.cssninja.io/assets/images/ui/app/single-product-carousel.png]
[nephos.cssninja.io/product-carousel.html]
[nephos.cssninja.io/assets/images/ui/app/account.png]
[nephos.cssninja.io/assets/images/ui/app/account-edit.png]
[nephos.cssninja.io/assets/images/ui/app/wishlist.png]
[nephos.cssninja.io/assets/images/ui/app/cart.png]
[nephos.cssninja.io/assets/images/ui/app/cart-empty.png]
[nephos.cssninja.io/assets/images/ui/app/orders-grid.png]
[nephos.cssninja.io/assets/images/ui/app/orders-list.png]
[nephos.cssninja.io/orders-list.html]
[nephos.cssninja.io/assets/images/ui/app/invoice.png]
[nephos.cssninja.io/invoice.html]
[nephos.cssninja.io/assets/images/ui/app/checkout1.png]
[nephos.cssninja.io/checkout-step1.html]
[nephos.cssninja.io/assets/images/ui/app/checkout2.png]
[nephos.cssninja.io/checkout-step2.html]
[nephos.cssninja.io/assets/images/ui/app/checkout3.png]
[nephos.cssninja.io/checkout-step3.html]
[nephos.cssninja.io/assets/images/ui/app/checkout4.png]
[nephos.cssninja.io/checkout-step4.html]
[nephos.cssninja.io/assets/images/ui/app/checkout5.png]
[nephos.cssninja.io/checkout-step5.html]
[nephos.cssninja.io/assets/images/ui/app/elements.png]
[nephos.cssninja.io/elements.html]
[nephos.cssninja.io/assets/images/ui/collection.png]
[nephos.cssninja.io/assets/js/demo.js]
[nephos.cssninja.io/index.html]
[nephos.cssninja.io/shop.html]
[nephos.cssninja.io/assets/images/avatars/janet.jpg]
[nephos.cssninja.io/assets/images/avatars/marc.jpg]
[nephos.cssninja.io/assets/images/avatars/nicole.jpg]
[nephos.cssninja.io/orders.html]
[nephos.cssninja.io/wishlist.html]
[nephos.cssninja.io/assets/images/icons/new-cart.svg]
[nephos.cssninja.io/assets/js/slick/fonts/slick.svg]
[nephos.cssninja.io/assets/js/img/loading.html]
[nephos.cssninja.io/assets/fonts/fontawesome-webfont5b62.html]
[nephos.cssninja.io/assets/fonts/fontawesome-webfontd41d.html]
[nephos.cssninja.io/assets/fonts/fontawesome-webfont5b62-2.html]
[nephos.cssninja.io/assets/fonts/fontawesome-webfont5b62-3.html]
[nephos.cssninja.io/assets/fonts/fontawesome-webfont5b62-4.html]
[nephos.cssninja.io/assets/fonts/fontawesome-webfont5b62-5.html]
[nephos.cssninja.io/cart.html]
[nephos.cssninja.io/account-edit.html]
[nephos.cssninja.io/assets/images/logo/nephos-greyscale.svg]
[nephos.cssninja.io/assets/images/logo/nephos-gold.svg]
[nephos.cssninja.io/assets/images/logo/nephos-referral.svg]
[nephos.cssninja.io/categories.html]
[nephos.cssninja.io/assets/images/logo/nephos-white.svg]
[nephos.cssninja.io/assets/images/products/office10.png]
[nephos.cssninja.io/products-list.html]
[nephos.cssninja.io/assets/images/avatars/john.jpg]
[nephos.cssninja.io/assets/images/avatars/jane.jpg]
[nephos.cssninja.io/product.html]
[nephos.cssninja.io/assets/images/products/office10.html]
[nephos.cssninja.io/assets/css/demo.css]
[nephos.cssninja.io/assets/images/brands/html5-white.svg]
[nephos.cssninja.io/assets/images/brands/bulma-white.svg]
[nephos.cssninja.io/assets/images/brands/sass-white.svg]
[nephos.cssninja.io/assets/images/brands/gulp-white.svg]
[nephos.cssninja.io/assets/images/icons/demo/monitor.svg]
[nephos.cssninja.io/assets/images/icons/demo/phone.svg]
[nephos.cssninja.io/assets/images/icons/demo/clock.svg]
[nephos.cssninja.io/assets/images/icons/demo/chart.svg]
[nephos.cssninja.io/home-alt.html]
[nephos.cssninja.io/assets/images/products/red-seat2.png]
[nephos.cssninja.io/product-carousel.html]
[nephos.cssninja.io/orders-list.html]
[nephos.cssninja.io/invoice.html]
[nephos.cssninja.io/checkout-step1.html]
[nephos.cssninja.io/checkout-step2.html]
[nephos.cssninja.io/checkout-step3.html]
[nephos.cssninja.io/checkout-step4.html]
[nephos.cssninja.io/checkout-step5.html]
[nephos.cssninja.io/assets/js/easyautocomplete/easy-autocomplete.min.css]
[nephos.cssninja.io/assets/js/datepicker/datepicker.css]
[nephos.cssninja.io/assets/js/easyautocomplete/jquery.easy-autocomplete.min.js]
[nephos.cssninja.io/assets/js/external/inputspinner.js]
[nephos.cssninja.io/assets/js/datepicker/datepicker.min.js]
[nephos.cssninja.io/assets/js/elements.js]
[nephos.cssninja.io/elements.html]
[nephos.cssninja.io/assets/images/brands/bulma.svg]
[nephos.cssninja.io/assets/images/brands/sass.svg]
[nephos.cssninja.io/assets/images/brands/gulp.svg]
[nephos.cssninja.io/assets/images/avatars.elie.html]
[nephos.cssninja.io/assets/images/brands/paypal.svg]
[nephos.cssninja.io/assets/images/icons/bank.svg]
[nephos.cssninja.io/assets/images/icons/money.svg]
[nephos.cssninja.io/assets/images/icons/order.svg]
[nephos.cssninja.io/assets/js/easyautocomplete/easy-autocomplete.min.css]
[nephos.cssninja.io/assets/js/datepicker/datepicker.css]
[nephos.cssninja.io/assets/images/icons/demo/elements/inputs.svg]
[nephos.cssninja.io/assets/images/icons/demo/elements/selects.svg]
[nephos.cssninja.io/assets/images/icons/demo/elements/autocompletes.svg]
[nephos.cssninja.io/assets/images/icons/demo/elements/spinners.svg]
[nephos.cssninja.io/assets/images/icons/demo/elements/datepicker.svg]
[nephos.cssninja.io/assets/images/icons/demo/elements/cards.svg]
[nephos.cssninja.io/assets/images/icons/demo/elements/tabs.svg]
[nephos.cssninja.io/assets/images/icons/demo/elements/buttons.svg]
